 Repaso1

 Timestamp is 6826b95c (Thu May 15 22:04:44 2025)

 Preferred load address is 00400000

 Start         Length     Name                   Class
 0001:00000000 0000026cH .text                   CODE
 0002:00000000 00000024H .idata$5                DATA
 0002:00000024 00000014H .idata$2                DATA
 0002:00000038 00000014H .idata$3                DATA
 0002:0000004c 00000024H .idata$4                DATA
 0002:00000070 000000aeH .idata$6                DATA
 0002:0000011e 00000000H .edata                  DATA
 0003:00000000 00000160H .data                   DATA

  Address         Publics by Value              Rva+Base     Lib:Object

 0001:00000000       _start                     00401000 f   Repaso1.obj
 0001:000000b8       _ExitProcess@4             004010b8 f   kernel32:kernel32.dll
 0001:000000c0       _StdOut@4                  004010c0 f   masm32:stdout.obj
 0001:000000f8       _StdIn@8                   004010f8 f   masm32:stdin.obj
 0001:00000148       _locate@8                  00401148 f   masm32:locate.obj
 0001:00000174       _ClearScreen@0             00401174 f   masm32:clearscr.obj
 0001:000001d0       _StrLen@4                  004011d0 f   masm32:strlen.obj
 0001:00000242       _GetStdHandle@4            00401242 f   kernel32:kernel32.dll
 0001:00000248       _WriteFile@20              00401248 f   kernel32:kernel32.dll
 0001:0000024e       _ReadFile@20               0040124e f   kernel32:kernel32.dll
 0001:00000254       _SetConsoleMode@8          00401254 f   kernel32:kernel32.dll
 0001:0000025a       _SetConsoleCursorPosition@8 0040125a f   kernel32:kernel32.dll
 0001:00000260       _FillConsoleOutputCharacterA@20 00401260 f   kernel32:kernel32.dll
 0001:00000266       _GetConsoleScreenBufferInfo@8 00401266 f   kernel32:kernel32.dll
 0002:00000000       __imp__ExitProcess@4       00402000     kernel32:kernel32.dll
 0002:00000004       __imp__GetStdHandle@4      00402004     kernel32:kernel32.dll
 0002:00000008       __imp__WriteFile@20        00402008     kernel32:kernel32.dll
 0002:0000000c       __imp__ReadFile@20         0040200c     kernel32:kernel32.dll
 0002:00000010       __imp__SetConsoleMode@8    00402010     kernel32:kernel32.dll
 0002:00000014       __imp__SetConsoleCursorPosition@8 00402014     kernel32:kernel32.dll
 0002:00000018       __imp__FillConsoleOutputCharacterA@20 00402018     kernel32:kernel32.dll
 0002:0000001c       __imp__GetConsoleScreenBufferInfo@8 0040201c     kernel32:kernel32.dll
 0002:00000020       \177kernel32_NULL_THUNK_DATA 00402020     kernel32:kernel32.dll
 0002:00000024       __IMPORT_DESCRIPTOR_kernel32 00402024     kernel32:kernel32.dll
 0002:00000038       __NULL_IMPORT_DESCRIPTOR   00402038     kernel32:kernel32.dll

 entry point at        0001:00000000

 Static symbols

